[tony-jin.com/html/home.html]
[backblue.gif]
[fade.gif]
[index.html]
[maxcdn.bootstrapcdn.com/bootstrap/3.3.7/css/bootstrap.min.css]
[maxcdn.bootstrapcdn.com/bootstrap/3.3.7/css/bootstrap-theme.min.css]
[cdn.bootcss.com/jquery/2.1.1/jquery.min.js]
[maxcdn.bootstrapcdn.com/bootstrap/3.3.7/js/bootstrap.min.js]
[unpkg.com/aos@2.3.1/dist/aos.css]
[tony-jin.com/css/style.css]
[tony-jin.com/css/fonts.css]
[use.fontawesome.com/a891bb0a11.js]
[tony-jin.com/js/script.js]
[unpkg.com/aos@2.3.1/dist/aos.js]
[tony-jin.com/html/about-me.html]
[tony-jin.com/assets/portfolio-T-shape-new.png]
[tony-jin.com/html/works/eatxplore.html]
[tony-jin.com/assets/portfolio-eatxplore-thumbnail.png]
[tony-jin.com/html/works/photos.html]
[tony-jin.com/assets/portfolio-photos-thumbnail-1.png]
[tony-jin.com/html/works/mirror-mirror.html]
[tony-jin.com/assets/portfolio-walker-thumbnail.png]
[tony-jin.com/html/works/THD.html]
[tony-jin.com/assets/portfolio-THD-thumbnail-web.png]
[tony-jin.com/html/works/cook-fresh.html]
[tony-jin.com/assets/portfolio-CookFresh-thumbnail.png]
[tony-jin.com/html/works/up-up.html]
[tony-jin.com/assets/portfolio-up-thumbnail.png]
[tony-jin.com/html/works/rei-backpack.html]
[tony-jin.com/assets/portfolio-REI-thumbnail.png]
[tony-jin.com/html/works/thriller.html]
[tony-jin.com/assets/portfolio-thriller-thumbnail.png]
[tony-jin.com/html/home.html]
[maxcdn.bootstrapcdn.com/bootstrap/3.3.7/css/bootstrap.min.css]
[maxcdn.bootstrapcdn.com/bootstrap/3.3.7/css/bootstrap-theme.min.css]
[unpkg.com/aos@2.3.1/dist/aos.css]
[tony-jin.com/assets/THD-jumbotron.jpg]
[tony-jin.com/assets/eatxplore-jumbotron.jpg]
[tony-jin.com/assets/walker-jumbotron.jpg]
[tony-jin.com/assets/up-jumbotron.jpg]
[tony-jin.com/assets/REI-jumbotron.jpg]
[tony-jin.com/assets/cookfresh-jumbotron.jpg]
[tony-jin.com/assets/thriller-jumbotron-gradient.jpg]
[tony-jin.com/assets/photos-jumbotron.png]
[tony-jin.com/assets/google-jumbotron.png]
[tony-jin.com/assets/THD-jumbotron-mobile.jpg]
[tony-jin.com/assets/eatxplore-jumbotron-mobile.jpg]
[tony-jin.com/assets/walker-jumbotron-mobile.jpg]
[tony-jin.com/assets/up-jumbotron-mobile.jpg]
[tony-jin.com/assets/REI-jumbotron-mobile.jpg]
[tony-jin.com/assets/cookfresh-jumbotron-mobile.jpg]
[tony-jin.com/css/style.css]
[tony-jin.com/css/fonts.css]
[tony-jin.com/assets/about-portrait.jpg]
[tony-jin.com/html/about-me.html]
[tony-jin.com/css/zoom.css]
[tony-jin.com/js/transition.js]
[tony-jin.com/js/zoom.js]
[tony-jin.com/assets/eatxplore-problem-framing.png]
[tony-jin.com/assets/eatxplore-design-process.png]
[tony-jin.com/assets/eatxplore-comp-analysis-all.png]
[tony-jin.com/assets/eatxplore-comp-analysis.png]
[tony-jin.com/assets/eatxplore-affinity-mapping.jpg]
[tony-jin.com/assets/eatxplore-personas.png]
[tony-jin.com/assets/eatxplore-ideation.png]
[tony-jin.com/assets/eatxplore-main-features.png]
[tony-jin.com/assets/eatxplore-sketches.jpg]
[tony-jin.com/assets/eatxplore-wireframes.png]
[tony-jin.com/assets/eatxplore-revised-goals.png]
[tony-jin.com/assets/eatxplore-hifi-v1-small.png]
[tony-jin.com/assets/eatxplore-evaluation-metrics.png]
[tony-jin.com/assets/eatxplore-v1-testing-chart.png]
[tony-jin.com/assets/eatxplore-v1-testing-results.png]
[tony-jin.com/assets/eatxplore-v2-recommendations.png]
[tony-jin.com/assets/eatxplore-v2-menu.png]
[tony-jin.com/assets/eatxplore-v2-fajitas.png]
[tony-jin.com/assets/eatxplore-v2-fajitas-scroll.png]
[tony-jin.com/assets/eatxplore-challenges-reviews.png]
[tony-jin.com/html/works/eatxplore.html]
[tony-jin.com/assets/photos-problem.png]
[tony-jin.com/assets/photos-competitive-products.png]
[tony-jin.com/assets/photos-forum-quote-1.png]
[tony-jin.com/assets/photos-forum-quote-2.png]
[tony-jin.com/assets/photos-personas.png]
[tony-jin.com/assets/photos-design-goals.png]
[tony-jin.com/assets/photos-where-redesign.png]
[tony-jin.com/assets/photos-main-grid-ideation-1.png]
[tony-jin.com/assets/photos-main-grid-ideation-2.png]
[tony-jin.com/assets/photos-wireframes-browse-1.png]
[tony-jin.com/assets/photos-important-moment-alternatives.png]
[tony-jin.com/assets/photos-existing-grids.png]
[tony-jin.com/assets/photos-grouped-grids.png]
[tony-jin.com/assets/photos-wireframes-swipe-alternatives.png]
[tony-jin.com/assets/photos-detail-existing-features.png]
[tony-jin.com/assets/photos-change-blindness.png]
[tony-jin.com/assets/photos-separate-mode.png]
[tony-jin.com/assets/photos-user-flow.png]
[tony-jin.com/html/works/photos.html]
[tony-jin.com/assets/walker-design-process.png]
[tony-jin.com/assets/walker-design-outcome.png]
[tony-jin.com/assets/walker-comp-analysis-all.png]
[tony-jin.com/assets/walker-survey.png]
[tony-jin.com/assets/walker-affinity-all.png]
[tony-jin.com/assets/walker-takeaway-1.png]
[tony-jin.com/assets/walker-takeaway-2.png]
[tony-jin.com/assets/walker-ideation-transparent.png]
[tony-jin.com/assets/walker-concepts2.png]
[tony-jin.com/assets/walker-sketches.png]
[tony-jin.com/assets/walker-concept-1.png]
[tony-jin.com/assets/walker-concept-1-advantage.png]
[tony-jin.com/assets/walker-concept-2.png]
[tony-jin.com/assets/walker-concept-2-advantage.png]
[tony-jin.com/assets/walker-concept-3.png]
[tony-jin.com/assets/walker-concept-3-advantage.png]
[tony-jin.com/assets/walker-concept-4.png]
[tony-jin.com/assets/walker-concept-4-advantage.png]
[tony-jin.com/assets/walker-feedback-design.png]
[tony-jin.com/assets/walker-IA-group.jpg]
[tony-jin.com/assets/walker-info-arch.png]
[tony-jin.com/assets/walker-wireframes-transparent.png]
[tony-jin.com/assets/walker-user-flow-1.png]
[tony-jin.com/assets/walker-user-flow-2.png]
[tony-jin.com/assets/walker-user-flow-3.png]
[tony-jin.com/assets/walker-design-frequent-reflections.png]
[tony-jin.com/assets/walker-design-AI.png]
[tony-jin.com/assets/walker-tasks.png]
[tony-jin.com/assets/walker-issues-1.png]
[tony-jin.com/assets/walker-issues-2.png]
[tony-jin.com/assets/walker-issues-3.png]
[tony-jin.com/assets/walker-issues-4.png]
[tony-jin.com/html/works/mirror-mirror.html]
[tony-jin.com/assets/THD-DNF.png]
[tony-jin.com/assets/THD-design-process.png]
[tony-jin.com/assets/THD-design-studio.jpg]
[tony-jin.com/assets/THD-synth-all.jpg]
[tony-jin.com/assets/THD-design-studio-2.jpg]
[tony-jin.com/assets/THD-kickoff.jpg]
[tony-jin.com/assets/THD-design-studio-help.jpg]
[tony-jin.com/assets/THD-localization.jpg]
[tony-jin.com/assets/THD-synth.jpg]
[tony-jin.com/assets/THD-fun.jpg]
[tony-jin.com/html/works/THD.html]
[tony-jin.com/assets/cookfresh-user-needs.png]
[tony-jin.com/assets/cookfresh-happy-path-1.png]
[tony-jin.com/assets/cookfresh-synonyms.png]
[tony-jin.com/assets/cookfresh-combo-breakers.png]
[tony-jin.com/assets/cookfresh-new-flows.png]
[tony-jin.com/html/works/cook-fresh.html]
[tony-jin.com/assets/up-design-process.png]
[tony-jin.com/assets/up-design-outcome.png]
[tony-jin.com/assets/up-expert-all.png]
[tony-jin.com/assets/up-comp-icons.png]
[tony-jin.com/assets/up-comp-analysis-exercises.png]
[tony-jin.com/assets/up-comp-icons-2.png]
[tony-jin.com/assets/up-comp-analysis-community.png]
[tony-jin.com/assets/up-sensors.png]
[tony-jin.com/assets/up-lit-presenting-data.png]
[tony-jin.com/assets/up-persona-1.png]
[tony-jin.com/assets/up-persona-2.png]
[tony-jin.com/assets/up-ideation.jpg]
[tony-jin.com/assets/up-mind-map-transparent.png]
[tony-jin.com/assets/up-concept-1.png]
[tony-jin.com/assets/up-concept-2-2.png]
[tony-jin.com/assets/up-concept-2.png]
[tony-jin.com/assets/up-concept-3-cleaner.png]
[tony-jin.com/assets/up-affinity.jpg]
[tony-jin.com/assets/up-pros-cons.png]
[tony-jin.com/assets/up-concept-decision.png]
[tony-jin.com/assets/up-info-arch.png]
[tony-jin.com/assets/up-design-1.png]
[tony-jin.com/assets/up-design-2.png]
[tony-jin.com/assets/up-usability.png]
[tony-jin.com/assets/up-future.png]
[tony-jin.com/html/works/up-up.html]
[tony-jin.com/assets/REI-design-process.png]
[tony-jin.com/assets/REI-design-outcome.png]
[tony-jin.com/assets/REI-observation-1.png]
[tony-jin.com/assets/REI-observation-2.png]
[tony-jin.com/assets/REI-task-analysis.png]
[tony-jin.com/assets/REI-interviews.png]
[tony-jin.com/assets/REI-affinity-1.png]
[tony-jin.com/assets/REI-survey.png]
[tony-jin.com/assets/REI-affinity-2.jpg]
[tony-jin.com/assets/REI-persona-1.png]
[tony-jin.com/assets/REI-persona-2.png]
[tony-jin.com/assets/REI-persona-3.png]
[tony-jin.com/assets/REI-journey-1.png]
[tony-jin.com/assets/REI-journey-2.png]
[tony-jin.com/assets/REI-sketches.png]
[tony-jin.com/assets/REI-concept-1.png]
[tony-jin.com/assets/REI-concept-2.png]
[tony-jin.com/assets/REI-concept-3.png]
[tony-jin.com/assets/REI-wireframes.png]
[tony-jin.com/assets/REI-annotated-wireframes.png]
[tony-jin.com/assets/REI-UI-all.png]
[tony-jin.com/assets/REI-iteration-1.png]
[tony-jin.com/assets/REI-iteration-2.png]
[tony-jin.com/assets/REI-iteration-3.png]
[tony-jin.com/assets/REI-iteration-4.png]
[tony-jin.com/assets/REI-iteration-5.png]
[tony-jin.com/html/works/rei-backpack.html]
[tony-jin.com/html/works/thriller.html]
[tony-jin.com/css/zoom.css]
